[1;94m  â€¢[0m a                                                [1;94merror[0m=here
[1;94m  â€¢[0m info
[1;94m  â€¢[0m warn 1
[1;93m  â€¢[0m warn
[1;93m  â€¢[0m warn 1
[1;91m  â¨¯[0m error
[1;91m  â¨¯[0m warn 1
[1;94m  â€¢[0m foo                                              [1;94mfoo[0m=bar
[1;94m    â€¢[0m increased
[1;94m  â€¢[0m without padding
[1;94m    â€¢[0m increased
[1;94m  â€¢[0m add pet                                          [1;94mage[0m=3 [1;94mname[0m=Tobi
