  • a                                                error=here
  • info
  • warn 1
  • warn
  • warn 1
  ⨯ error
  ⨯ warn 1
  • foo                                              foo=bar
    • increased
  • without padding                                  foo=bar
    • increased
