[1;94m  â€¢[0m upload complete                                  [1;94mfile[0m=sloth.png
